/*---------------------------------------------------------------------------*\
| =========                 |                                                 |
| \\      /  F ield         | OpenFOAM: The Open Source CFD Toolbox           |
|  \\    /   O peration     | Version:  2512                                  |
|   \\  /    A nd           | Website:  www.openfoam.com                      |
|    \\/     M anipulation  |                                                 |
\*---------------------------------------------------------------------------*/
Build  : _bd2b6720-20260127 OPENFOAM=2512 version=2512
Arch   : "LSB;label=32;scalar=64"
Exec   : checkMesh -allTopology -allGeometry
Date   : Mar 26 2026
Time   : 19:24:58
Host   : PC-KS
PID    : 2546
I/O    : uncollated
Case   : /home/kavin/OpenFOAM/kavin-v2512/run/wing_test/backgroundMesh
nProcs : 1
trapFpe: Floating point exception trapping enabled (FOAM_SIGFPE).
memory pool : not available
fileModificationChecking : Monitoring run-time modified files using timeStampMaster (fileModificationSkew 5, maxFileModificationPolls 20)
allowSystemOperations : Allowing user-supplied system call operations

// * * * * * * * * * * * * * * * * * * * * * * * * * * * * * * * * * * * * * //
Create time

Create mesh for time = 0

Check mesh...
    Enabling all (cell, face, edge, point) topology checks.
    Enabling all geometry checks.

Time = 0

Mesh stats 
    points:           208970
    faces:            589645
    internal faces:   563521
    cells:            190505
    faces per cell:   6.05321
    boundary patches: 5
    point zones:      1
    face zones:       0
    cell zones:       1

Overall number of cells of each type:
    hexahedra:     185693
    prisms:        264
    wedges:        46
    pyramids:      0
    tet wedges:    54
    tetrahedra:    0
    polyhedra:     4448
    Breakdown of polyhedra by number of faces:
        faces   number of cells
            5   48
            6   761
            7   590
            8   75
            9   2736
           12   183
           15   50
           18   5

Checking topology...
    Boundary definition OK.
    Cell to face addressing OK.
    Point usage OK.
    Upper triangular ordering OK.
    Face vertices OK.
    Topological cell zip-up check OK.
    Face-face connectivity OK.
   *Number of regions: 2
    The mesh has multiple regions which are not connected by any face.
  <<Writing region information to "0/cellToRegion"
  <<Writing region 0 (fully disconnected) with 125000 cells to cellSet region0
  <<Writing region 1 (fully disconnected) with 65505 cells to cellSet region1

Checking patch topology for multiply connected surfaces...
                   Patch    Faces   Points  Surface topology  Bounding box
                   inlet     1250     1326  ok (non-closed singly connected) (-0.1 -0.35 0.7) (0.25 0.35 0.7)
            outlet_faces    11250    11426  ok (non-closed singly connected) (-0.1 -0.35 -0.7) (0.25 0.35 0.7)
                  mirror     5000     5151  ok (non-closed singly connected) (-0.1 -0.35 -0.7) (-0.1 0.35 0.7)
           overset_patch     6300     6302      ok (closed singly connected) (-0.0200013 -0.0600191 -0.24) (0.220003 0.0600012 0.24)
                    wing     2324     2350      ok (closed singly connected) (1.03688e-07 -0.00502162 -0.0392317) (0.160472 1.47769e-06 -0.0072488)
                    ".*"    26124    26154      ok (closed singly connected) (-0.1 -0.35 -0.7) (0.25 0.35 0.7)


Checking faceZone topology for multiply connected surfaces...
    No faceZones found.

Checking basic cellZone addressing...
                CellZone        Cells       Points       VolumeBoundingBox
               wingZone        65505        75044    0.0138036 (-0.0200013 -0.0600191 -0.24) (0.220003 0.0600012 0.24)

Checking basic pointZone addressing...
               PointZone  PointsBoundingBox
            frozenPoints       0(1e+150 1e+150 1e+150) (-1e+150 -1e+150 -1e+150)

Checking geometry...
    Overall domain bounding box (-0.1 -0.35 -0.7) (0.25 0.35 0.7)
    Mesh has 3 geometric (non-empty/wedge) directions (1 1 1)
    Mesh has 3 solution (non-empty) directions (1 1 1)
    Boundary openness (1.21921e-17 -1.82634e-16 8.92842e-18) OK.
    Max cell openness = 4.23707e-16 OK.
    Max aspect ratio = 15.5781 OK.
    Minimum face area = 2.35046e-07. Maximum face area = 0.000196.  Face area magnitudes OK.
    Min volume = 1.70138e-10. Max volume = 2.744e-06.  Total volume = 0.356804.  Cell volumes OK.
    Mesh non-orthogonality Max: 45.5003 average: 4.23582
    Non-orthogonality check OK.
    Face pyramids OK.
    Max skewness = 3.18208 OK.
    Coupled point location match (average 0) OK.
    Face tets OK.
    Min/max edge length = 1.28105e-05 0.014 OK.
  <<Writing 48 near (closer than 1.6039e-06 apart) points to set nearPoints
   *There are 13 faces with concave angles between consecutive edges. Max concave angle = 19.8217 degrees.
  <<Writing 13 faces with concave angles to set concaveFaces
    Face flatness (1 = flat, 0 = butterfly) : min = 0.801643  average = 0.999975
    All face flatness OK.
    Cell determinant (wellposedness) : minimum: 0.000726378 average: 1.05418
 ***Cells with small determinant (< 0.001) found, number of cells: 1
  <<Writing 1 under-determined cells to set underdeterminedCells
 ***Concave cells (using face planes) found, number of cells: 2977
  <<Writing 2977 concave cells to set concaveCells
    Face interpolation weight : minimum: 0.0503717 average: 0.494481
    Face interpolation weight check OK.
    Face volume ratio : minimum: 0.030815 average: 0.97198
    Face volume ratio check OK.

Failed 2 mesh checks.

End

